[rig.ai/index.html]
[backblue.gif]
[fade.gif]
[index.html]
[rig.ai/rig-graph.png]
[rig.ai/fonts/chalet_londonnineteensixty.woff2]
[rig.ai/fonts/GeistPixel-Square.woff2]
[rig.ai/fonts/InstrumentSans-latin.woff2]
[rig.ai/fonts/ChivoMono-latin.woff2]
[rig.ai/_astro/_slug_.syMwFS_H.css]
[rig.ai/_astro/index.BJ6t_aqD.css]
[rig.ai/_astro/index.DGyztNce.css]
[rig.ai/_astro/page.sJrt8mpm.js]
[rig.ai/assets/rig-wordmark.svg]
[rig.ai/blog.html]
[rig.ai/waitlist.html]
[rig.ai/_astro/Header.astro_astro_type_script_index_0_lang.BGuAL9A7.js]
[rig.ai/_astro/Hero.astro_astro_type_script_index_0_lang.DCg3gjlm.js]
[rig.ai/_astro/WaitlistForm.astro_astro_type_script_index_0_lang.foP-tWkv.js]
[rig.ai/_astro/EarlyAccess.astro_astro_type_script_index_0_lang.DGQuMvdM.js]
[rig.ai/assets/cta-vortex.png]
[rig.ai/privacy.html]
[rig.ai/_astro/index.astro_astro_type_script_index_0_lang.CCiO6AmC.js]
[rig.ai/_astro/index.astro_astro_type_script_index_1_lang.Ceh0AzUq.js]
[rig.ai/index.html]
[rig.ai/_astro/index.astro_astro_type_script_index_2_lang.BozKVjHC.js]
[rig.ai/fonts/InstrumentSans-latin-ext.woff2]
[rig.ai/fonts/ChivoMono-latin-ext.woff2]
[rig.ai/_astro/_slug_.syMwFS_H.css]
[rig.ai/_astro/index.BJ6t_aqD.css]
[rig.ai/_astro/index.DGyztNce.css]
[rig.ai/assets/rig-wordmark.svg]
[rig.ai/blog/building-inference-engine.html]
[rig.ai/blog/compressing-a-model-to-run-locally.html]
[rig.ai/blog/teaching-a-model-to-code.html]
[rig.ai/blog.html]
[rig.ai/blog/manifesto.html]
[rig.ai/_astro/index.b3kNMUYY.css]
[rig.ai/_astro/index.astro_astro_type_script_index_0_lang.BFU1Ap-F.js]
[rig.ai/waitlist.html]
[rig.ai/_astro/index.astro_astro_type_script_index_1_lang.CmB44lM6.js]
[rig.ai/cdn-cgi/l/email-protection]
[rig.ai/privacy.html]
[rig.ai/cdn-cgi/scripts/5c5dd728/cloudflare-static/email-decode.min.js]
[rig.ai/blog/building-inference-engine.html]
[rig.ai/blog/compressing-a-model-to-run-locally.html]
[rig.ai/blog/teaching-a-model-to-code.html]
[rig.ai/blog/manifesto.html]
[rig.ai/_astro/index.b3kNMUYY.css]
[rig.ai/cdn-cgi/l/email-protection.html]
[rig.ai/api/media/file/rigd-flow-400x300.html]
[rig.ai/api/media/file/rigd-flow-768x1024.html]
[rig.ai/api/media/file/rigd-flow-1920x1080.html]
[rig.ai/api/media/file/rigd-flow.html]
